// Jest Snapshot v1, https://goo.gl/fbAQLP

exports[`App renders a App by default 1`] = `
<ContextProvider
  value={
    Object {
      "accounts": undefined,
      "addBathroom": [Function],
      "addReview": [Function],
      "address": "",
      "bathroomId": null,
      "bathrooms": Array [],
      "deleteBathroom": [Function],
      "deleteReview": [Function],
      "handleLoggedIn": [Function],
      "latitude": 0,
      "logged": false,
      "longitude": 0,
      "reviews": Array [],
      "setBathroomId": [Function],
      "updateBathroom": [Function],
      "updateReview": [Function],
      "user_id": "",
      "user_name": "",
    }
  }
>
  <div
    className="App"
  >
    <header
      className="app_header"
    >
      <section
        className="topBar"
      >
        <Route
          path="/"
          render={[Function]}
        />
        <Route
          exact={true}
          key="/"
          path="/"
          render={[Function]}
        />
        <Route
          exact={true}
          key="/bathroom"
          path="/bathroom"
          render={[Function]}
        />
        <Route
          exact={true}
          key="/bathrooms"
          path="/bathrooms"
          render={[Function]}
        />
        <Route
          exact={true}
          key="/bathrooms/:bathroomId"
          path="/bathrooms/:bathroomId"
          render={[Function]}
        />
        <Route
          exact={true}
          key="/addbathroom"
          path="/addbathroom"
          render={[Function]}
        />
        <Route
          exact={true}
          key="/addreview"
          path="/addreview"
          render={[Function]}
        />
        <Route
          exact={true}
          key="/editbathroom"
          path="/editbathroom"
          render={[Function]}
        />
        <Route
          exact={true}
          key="/editreview"
          path="/editreview"
          render={[Function]}
        />
        <Route
          path="/account"
          render={[Function]}
        />
        <Route
          exact={true}
          key="/log-in"
          path="/log-in"
          render={[Function]}
        />
        <Route
          exact={true}
          key="/bathroom"
          path="/bathroom"
          render={[Function]}
        />
        <Route
          exact={true}
          key="/bathrooms"
          path="/bathrooms"
          render={[Function]}
        />
        <Route
          exact={true}
          key="/bathrooms/:bathroomId"
          path="/bathrooms/:bathroomId"
          render={[Function]}
        />
        <Route
          exact={true}
          key="/addbathroom"
          path="/addbathroom"
          render={[Function]}
        />
        <Route
          exact={true}
          key="/addreview"
          path="/addreview"
          render={[Function]}
        />
        <Route
          exact={true}
          key="/account"
          path="/account"
          render={[Function]}
        />
        <Route
          exact={true}
          key="/editbathroom"
          path="/editbathroom"
          render={[Function]}
        />
        <Route
          exact={true}
          key="/editreview"
          path="/editreview"
          render={[Function]}
        />
      </section>
    </header>
    <main>
      <Route
        exact={true}
        path="/bathrooms"
        render={[Function]}
      />
      <Route
        path="/bathrooms/:bathroomId"
        render={[Function]}
      />
      <Route
        path="/addbathroom"
        render={[Function]}
      />
      <Route
        path="/editbathroom"
        render={[Function]}
      />
      <Route
        path="/addreview"
        render={[Function]}
      />
      <Route
        path="/editreview"
        render={[Function]}
      />
      <Route
        path="/log-in"
        render={[Function]}
      />
      <Route
        exact={true}
        path="/"
        render={[Function]}
      />
      <Route
        path="/account"
        render={[Function]}
      />
      <Route
        component={[Function]}
        path="/map"
      />
    </main>
  </div>
</ContextProvider>
`;
